// Jest Snapshot v1, https://goo.gl/fbAQLP

exports[`add options Component renders the add options container 1`] = `ShallowWrapper {}`;
