// Jest Snapshot v1, https://goo.gl/fbAQLP

exports[`create bicycle Component renders the create bicycle container 1`] = `ShallowWrapper {}`;
