// Jest Snapshot v1, https://goo.gl/fbAQLP

exports[`UserOrders Component renders the UserOrders container 1`] = `ShallowWrapper {}`;
