// Jest Snapshot v1, https://goo.gl/fbAQLP

exports[`UserFavourites Component renders the UserFavourites container 1`] = `ShallowWrapper {}`;
