// Jest Snapshot v1, https://goo.gl/fbAQLP

exports[`Bicycle Component renders the Bicycle container 1`] = `ShallowWrapper {}`;
