// Jest Snapshot v1, https://goo.gl/fbAQLP

exports[`Success Component renders the h1 text of the Success Component 1`] = `ShallowWrapper {}`;
