// Jest Snapshot v1, https://goo.gl/fbAQLP

exports[`Login Component renders the bicycle list Component 1`] = `ShallowWrapper {}`;
