// Jest Snapshot v1, https://goo.gl/fbAQLP

exports[`logout Component renders the logout Component 1`] = `ShallowWrapper {}`;
