// Jest Snapshot v1, https://goo.gl/fbAQLP

exports[`Signup Component renders the Signup Component 1`] = `ShallowWrapper {}`;
